// Jest Snapshot v1, https://goo.gl/fbAQLP

exports[`生成 config 配置 1`] = `
Object {
  "port": 8080,
}
`;
